
Memory Configuration

Name             Origin             Length             Attributes
ram              0x0000000000000000 0x0000000000040000 xrw
rom0             0x0000000000c00000 0x0000000000080000
device           0x0000000000fff000 0x0000000000001000
*default*        0x0000000000000000 0xffffffffffffffff

Linker script and memory map

LOAD boot.o
                [!provide]                        PROVIDE (__stack = 0x3fff0)

.text           0x0000000000000400      0x6c6
 *(.text)
 .text          0x0000000000000400      0x6c6 boot.o

.data           0x0000000000000ac8      0xd6c
                0x0000000000000ac8                . = ALIGN (0x4)
 *(.data)
 .data          0x0000000000000ac8      0xd6c boot.o

.bss            0x0000000000001834     0x4532
                0x0000000000001834                . = ALIGN (0x4)
 *(.bss)
 .bss           0x0000000000001834     0x4532 boot.o

.stab
 *(.stab)

.stabstr
 *(.stabstr)
Address of section .text set to 0x400
OUTPUT(boot.abs.tmp215156 srec)

Cross Reference Table

Symbol                                            File
BOOTQ　                                          boot.o
EXAMPLE_CALC                                      boot.o
INQ_TYPE                                          boot.o
Q_PTR_START　                                    boot.o
SIZE_REIDAI1                                      boot.o
STRING_COMPARISON_SEND                            boot.o
USER_STK_TOP                                      boot.o
